// Jest Snapshot v1, https://goo.gl/fbAQLP

exports[`<DropdownField /> renders the component with props with no a11y violations 1`] = `
.c2 {
  margin: 0;
  -webkit-letter-spacing: 0;
  -moz-letter-spacing: 0;
  -ms-letter-spacing: 0;
  letter-spacing: 0;
  line-height: 1.6;
  font-family: "Open Sans",-apple-system,BlinkMacSystemFont,"Segoe UI",Roboto,Helvetica,Arial,sans-serif,"Apple Color Emoji","Segoe UI Emoji","Segoe UI Symbol";
  font-weight: 600;
  font-size: 16px;
}

.c1 {
  display: block;
}

.c0 {
  margin-bottom: 5px;
}

<label
  class="c0 c1 c2"
  for="text-id-dropdown-field-default"
>
  Your cool dropdown ‚ù§
</label>
`;
