// Jest Snapshot v1, https://goo.gl/fbAQLP

exports[`<ErrorMessage /> renders the component with props with no a11y violations 1`] = `
.c1 {
  margin: 0;
  -webkit-letter-spacing: 0;
  -moz-letter-spacing: 0;
  -ms-letter-spacing: 0;
  letter-spacing: 0;
  color: #0D0A38;
  line-height: 1.6;
  font-family: "Open Sans",-apple-system,BlinkMacSystemFont,"Segoe UI",Roboto,Helvetica,Arial,sans-serif,"Apple Color Emoji","Segoe UI Emoji","Segoe UI Symbol";
  font-weight: 600;
  font-size: 16px;
}

.c0 {
  width: 100%;
  color: #EE0505;
  display: block;
}

.c0:before {
  content: '';
  background: url(red-warning.svg) no-repeat;
  width: 28px;
  height: 16px;
  display: inline-block;
  vertical-align: middle;
}

<span
  class="c0 c1"
  role="alert"
>
  Ops error !
</span>
`;
