// Jest Snapshot v1, https://goo.gl/fbAQLP

exports[`<FooterLink /> renders the component with a small size 1`] = `
.c0 {
  font-size: inherit;
  font-family: "Open Sans",-apple-system,BlinkMacSystemFont,"Segoe UI",Roboto,Helvetica,Arial,sans-serif,"Apple Color Emoji","Segoe UI Emoji","Segoe UI Symbol";
  font-weight: 600;
  line-height: 1.6;
  color: #4A3EDE;
  cursor: pointer;
  -webkit-letter-spacing: normal;
  -moz-letter-spacing: normal;
  -ms-letter-spacing: normal;
  letter-spacing: normal;
  -webkit-text-decoration: none;
  text-decoration: none;
  -webkit-user-select: none;
  -moz-user-select: none;
  -ms-user-select: none;
  user-select: none;
  -webkit-appearance: none;
  -moz-appearance: none;
  appearance: none;
}

.c0:hover {
  opacity: 0.88;
}

.c0:active {
  opacity: 0.72;
}

.c1 {
  color: #A9ACBA;
  -webkit-transition: color 0.2s ease;
  transition: color 0.2s ease;
}

.c1:hover {
  color: #6F748B;
}

<a
  as="a"
  class="c0 c1"
  color="#4A3EDE"
/>
`;

exports[`<FooterLink /> renders the component with default props 1`] = `
.c0 {
  font-size: inherit;
  font-family: "Open Sans",-apple-system,BlinkMacSystemFont,"Segoe UI",Roboto,Helvetica,Arial,sans-serif,"Apple Color Emoji","Segoe UI Emoji","Segoe UI Symbol";
  font-weight: 600;
  line-height: 1.6;
  color: #4A3EDE;
  cursor: pointer;
  -webkit-letter-spacing: normal;
  -moz-letter-spacing: normal;
  -ms-letter-spacing: normal;
  letter-spacing: normal;
  -webkit-text-decoration: none;
  text-decoration: none;
  -webkit-user-select: none;
  -moz-user-select: none;
  -ms-user-select: none;
  user-select: none;
  -webkit-appearance: none;
  -moz-appearance: none;
  appearance: none;
}

.c0:hover {
  opacity: 0.88;
}

.c0:active {
  opacity: 0.72;
}

.c1 {
  color: #A9ACBA;
  -webkit-transition: color 0.2s ease;
  transition: color 0.2s ease;
}

.c1:hover {
  color: #6F748B;
}

<a
  as="a"
  class="c0 c1"
  color="#4A3EDE"
/>
`;
