// Jest Snapshot v1, https://goo.gl/fbAQLP

exports[`<Card.Content /> renders the component with no a11y violations 1`] = `
.c0 {
  background-color: white;
  padding: 16px;
  -webkit-flex: 1;
  -ms-flex: 1;
  flex: 1;
}

<div
  class="c0"
/>
`;
