// Jest Snapshot v1, https://goo.gl/fbAQLP

exports[`<Subhead /> renders the component with no a11y violations 1`] = `
.c0 {
  font-weight: normal;
  font-size: 14px;
  line-height: 24px;
  -webkit-letter-spacing: 0;
  -moz-letter-spacing: 0;
  -ms-letter-spacing: 0;
  letter-spacing: 0;
  font-family: "Open Sans",-apple-system,BlinkMacSystemFont,"Segoe UI",Roboto,Helvetica,Arial,sans-serif,"Apple Color Emoji","Segoe UI Emoji","Segoe UI Symbol";
}

<p
  class="c0"
>
  test
</p>
`;
