// Jest Snapshot v1, https://goo.gl/fbAQLP

exports[`<CheckboxGroupField /> renders the component with props with no a11y violations 1`] = `
.c2 {
  margin: 0;
  -webkit-letter-spacing: 0;
  -moz-letter-spacing: 0;
  -ms-letter-spacing: 0;
  letter-spacing: 0;
  color: #2C3236;
  line-height: 1.4;
  font-family: "Open Sans",-apple-system,BlinkMacSystemFont,"Segoe UI",Roboto,Helvetica,Arial,sans-serif,"Apple Color Emoji","Segoe UI Emoji","Segoe UI Symbol";
  font-weight: 600;
  font-size: 15px;
}

.c0 {
  border: 0;
  padding: 0.01em 0 0 0;
  margin: 0;
  min-width: 0;
}

.c1 {
  padding: 0;
  display: table;
  margin-bottom: 10px;
}

<fieldset
  class="c0"
>
  <legend
    class="c1"
  >
    <span
      class="c2"
    >
      label
    </span>
  </legend>
</fieldset>
`;
