// Jest Snapshot v1, https://goo.gl/fbAQLP

exports[`<Separator /> renders the component 1`] = `
.c0 {
  background-color: #282F52;
  height: 1px;
}

<div
  class="c0"
/>
`;
