// Jest Snapshot v1, https://goo.gl/fbAQLP

exports[`<Title1 /> renders the component with props with no a11y violations 1`] = `
.c0 {
  font-weight: normal;
  font-size: 48px;
  line-height: 56px;
  -webkit-letter-spacing: 0;
  -moz-letter-spacing: 0;
  -ms-letter-spacing: 0;
  letter-spacing: 0;
  font-family: "Open Sans",-apple-system,BlinkMacSystemFont,"Segoe UI",Roboto,Helvetica,Arial,sans-serif,"Apple Color Emoji","Segoe UI Emoji","Segoe UI Symbol";
}

<h1
  class="c0"
  style="text-align: center;"
>
  test
</h1>
`;
