// Jest Snapshot v1, https://goo.gl/fbAQLP

exports[`<Wrapper /> renders the component 1`] = `
.c0 {
  padding: 18px 0;
}

<div
  class="c0"
/>
`;
