// Jest Snapshot v1, https://goo.gl/fbAQLP

exports[`<Modal /> allows to set global styles 1`] = `""`;

exports[`<Modal /> can render opened 1`] = `
<div
  class="zopa-modal zopa-modal--after-open"
  role="dialog"
  tabindex="-1"
>
  text
</div>
`;
