// Jest Snapshot v1, https://goo.gl/fbAQLP

exports[`<HelpText /> renders the component with props 1`] = `
.c0 {
  color: #484E6C;
  line-height: 24px;
  display: block;
  font-size: 14px;
  font-weight: 400;
}

<span
  class="c0"
>
  Additional info
</span>
`;
