// Jest Snapshot v1, https://goo.gl/fbAQLP

exports[`<Card.Actions /> renders the component with no a11y violations 1`] = `
.c0 {
  margin-top: 24px;
  display: -webkit-box;
  display: -webkit-flex;
  display: -ms-flexbox;
  display: flex;
  -webkit-box-pack: end;
  -webkit-justify-content: flex-end;
  -ms-flex-pack: end;
  justify-content: flex-end;
}

<div
  class="c0"
/>
`;
