// Jest Snapshot v1, https://goo.gl/fbAQLP

exports[`<Legend /> renders the component with no a11y violations 1`] = `
.c0 {
  padding: 0;
  display: table;
}

<legend
  class="c0"
/>
`;
