// Jest Snapshot v1, https://goo.gl/fbAQLP

exports[`<RadioGroupField /> renders the component with props with no a11y violations 1`] = `
.c0 {
  border: 0;
  padding: 0.01em 0 0 0;
  margin: 0;
  min-width: 0;
}

.c1 {
  padding: 0;
  display: table;
  margin-bottom: 16px;
}

<fieldset
  class="c0"
>
  <legend
    class="c1"
  >
    label
  </legend>
</fieldset>
`;
