// Jest Snapshot v1, https://goo.gl/fbAQLP

exports[`<Hamburger /> renders the component with props 1`] = `
<svg
  viewBox="0 0 48 48"
  width="24px"
  xmlns="http://www.w3.org/2000/svg"
>
  <path
    d="M8 36h32c1.1 0 2-.9 2-2s-.9-2-2-2H8c-1.1 0-2 .9-2 2s.9 2 2 2zm0-10h32c1.1 0 2-.9 2-2s-.9-2-2-2H8c-1.1 0-2 .9-2 2s.9 2 2 2zM6 14c0 1.1.9 2 2 2h32c1.1 0 2-.9 2-2s-.9-2-2-2H8c-1.1 0-2 .9-2 2z"
    fill="black"
  />
</svg>
`;
