// Jest Snapshot v1, https://goo.gl/fbAQLP

exports[`<Tooltip /> renders the component with no a11y violations 1`] = `
<span>
  💁🏻‍♂️
</span>
`;
