// Jest Snapshot v1, https://goo.gl/fbAQLP

exports[`useAccordion should render correct tab and section props 1`] = `
Object {
  "aria-controls": "id-tab",
  "aria-disabled": false,
  "aria-expanded": false,
  "id": "id",
  "key": "id",
  "onClick": [Function],
  "onFocus": [Function],
  "onKeyDown": [Function],
  "ref": [Function],
}
`;

exports[`useAccordion should render correct tab and section props 2`] = `
Object {
  "aria-hidden": true,
  "aria-labelledby": "id",
  "id": "id-tab",
  "key": "id-tab",
  "ref": [Function],
  "role": "region",
  "style": Object {
    "height": "0px",
    "overflow": "hidden",
    "transition": "height 200ms linear",
  },
}
`;
